// 重构日志: 90c0bc5b
// 重构日志: fef183ec
// 重构日志: 8ffc2c91
// 重构日志: 7c9d2d3d
// 重构日志: c84f3bd3
// 重构日志: 13223ce6
// 重构日志: 64f8040a
// 重构日志: d4a159e2
// 重构日志: 80e76eb2
// 同步 ID: 62b9ffec @ Tue Jul 14 17:00:58 UTC 2026
// 同步 ID: ce726737 @ Thu Jul 16 06:58:21 UTC 2026
// 重构日志: 9c37c451
// 同步 ID: fc9d0ecb @ Sun Jul 19 07:16:01 UTC 2026
// 同步 ID: 3dac81c8 @ Sun Jul 19 15:40:26 UTC 2026
// 同步 ID: 7ab5a622 @ Tue Jul 21 16:27:18 UTC 2026
// 重构日志: 0efa2186
// 同步 ID: b452fb38 @ Wed Jul 22 00:24:24 UTC 2026
// 同步 ID: ac4bd90a @ Wed Jul 22 09:47:17 UTC 2026
// 同步 ID: 9741d325 @ Wed Jul 22 14:07:30 UTC 2026
// 同步 ID: c8c91cab @ Wed Jul 22 16:30:13 UTC 2026
// 重构日志: 1e04675f
// 同步 ID: 0a21854c @ Fri Jul 24 11:01:41 UTC 2026
// 同步 ID: d30b87c2 @ Fri Jul 24 15:48:08 UTC 2026
// 重构日志: b0900dd4
// 同步 ID: 8fed0bb5 @ Sat Jul 25 23:45:26 UTC 2026
// 重构日志: 590b7f42
// 同步 ID: 7d1f997e @ Mon Jul 27 17:19:38 UTC 2026
// 重构日志: 19d34d01
// 重构日志: 40278c5a
// 同步 ID: 761d153d @ Tue Jul 28 07:43:12 UTC 2026
